// Jest Snapshot v1, https://goo.gl/fbAQLP

exports[`Fragment Container 1`] = `
<div>
  jest
</div>
`;
